
> rest-express@1.0.0 build
> vite build

[36mvite v5.4.19 [32mbuilding for production...[36m[39m
transforming...
Browserslist: browsers data (caniuse-lite) is 16 months old. Please run:
  npx update-browserslist-db@latest
  Why you should do it regularly: https://github.com/browserslist/update-db#readme
[32m✓[39m 1743 modules transformed.
[31mx[39m Build failed in 1.84s
[31merror during build:
[31mclient/src/pages/results.tsx (3:20): "getTypesByGroup" is not exported by "client/src/data/mbtiTypes.ts", imported by "client/src/pages/results.tsx".[31m
file: [36mC:/MbtiPersonality/MbtiPersonality/client/src/pages/results.tsx:3:20[31m
[33m
1: import { useEffect, useState } from "react";
2: import { useLocation, Link } from "wouter";
3: import { mbtiTypes, getTypesByGroup } from "@/data/mbtiTypes";
                       ^
4: import { Card, CardContent } from "@/components/ui/card";
5: import ResultCard from "@/components/ResultCard";
[31m
    at getRollupError (file:///C:/MbtiPersonality/MbtiPersonality/node_modules/rollup/dist/es/shared/parseAst.js:396:41)
    at error (file:///C:/MbtiPersonality/MbtiPersonality/node_modules/rollup/dist/es/shared/parseAst.js:392:42)
    at Module.error (file:///C:/MbtiPersonality/MbtiPersonality/node_modules/rollup/dist/es/shared/node-entry.js:15588:16)
    at Module.traceVariable (file:///C:/MbtiPersonality/MbtiPersonality/node_modules/rollup/dist/es/shared/node-entry.js:16037:29)
    at ModuleScope.findVariable (file:///C:/MbtiPersonality/MbtiPersonality/node_modules/rollup/dist/es/shared/node-entry.js:13820:39)
    at FunctionScope.findVariable (file:///C:/MbtiPersonality/MbtiPersonality/node_modules/rollup/dist/es/shared/node-entry.js:5283:38)
    at FunctionBodyScope.findVariable (file:///C:/MbtiPersonality/MbtiPersonality/node_modules/rollup/dist/es/shared/node-entry.js:5283:38)
    at Identifier.bind (file:///C:/MbtiPersonality/MbtiPersonality/node_modules/rollup/dist/es/shared/node-entry.js:5066:40)
    at CallExpression.bind (file:///C:/MbtiPersonality/MbtiPersonality/node_modules/rollup/dist/es/shared/node-entry.js:2653:23)
    at CallExpression.bind (file:///C:/MbtiPersonality/MbtiPersonality/node_modules/rollup/dist/es/shared/node-entry.js:11284:15)[39m
